\BOOKMARK [1][-]{section.1}{\376\377\000I\000n\000t\000r\000o\000d\000u\000c\000t\000i\000o\000n}{}% 1
\BOOKMARK [2][-]{subsection.1.1}{\376\377\000T\000h\000e\000\040\000B\000C\000B\000S\000\040\0002\0003\0009\000\040\000C\000o\000m\000p\000l\000i\000a\000n\000c\000e\000\040\000G\000a\000p}{section.1}% 2
\BOOKMARK [2][-]{subsection.1.2}{\376\377\000M\000o\000t\000i\000v\000a\000t\000i\000o\000n}{section.1}% 3
\BOOKMARK [2][-]{subsection.1.3}{\376\377\000C\000o\000n\000t\000r\000i\000b\000u\000t\000i\000o\000n\000s}{section.1}% 4
\BOOKMARK [1][-]{section.2}{\376\377\000R\000e\000l\000a\000t\000e\000d\000\040\000W\000o\000r\000k}{}% 5
\BOOKMARK [1][-]{section.3}{\376\377\000P\000r\000o\000b\000l\000e\000m\000\040\000F\000o\000r\000m\000u\000l\000a\000t\000i\000o\000n}{}% 6
\BOOKMARK [2][-]{subsection.3.1}{\376\377\000F\000i\000n\000a\000n\000c\000i\000a\000l\000\040\000R\000i\000s\000k\000\040\000L\000i\000n\000e\000a\000g\000e\000\040\000G\000r\000a\000p\000h\000\040\000\050\000F\000R\000L\000G\000\051}{section.3}% 7
\BOOKMARK [2][-]{subsection.3.2}{\376\377\000M\000u\000l\000t\000i\000-\000S\000i\000g\000n\000a\000l\000\040\000A\000n\000o\000m\000a\000l\000y\000\040\000S\000c\000o\000r\000i\000n\000g}{section.3}% 8
\BOOKMARK [2][-]{subsection.3.3}{\376\377\000R\000C\000A\000\040\000P\000r\000o\000b\000l\000e\000m}{section.3}% 9
\BOOKMARK [2][-]{subsection.3.4}{\376\377\000A\000n\000o\000m\000a\000l\000y\000\040\000T\000r\000a\000n\000s\000f\000e\000r\000\040\000F\000u\000n\000c\000t\000i\000o\000n\000\040\000\050\000A\000T\000F\000\051\000\040\000F\000r\000a\000m\000e\000w\000o\000r\000k}{section.3}% 10
\BOOKMARK [1][-]{section.4}{\376\377\000F\000I\000N\000R\000C\000A\000\040\000S\000y\000s\000t\000e\000m\000\040\000D\000e\000s\000i\000g\000n}{}% 11
\BOOKMARK [2][-]{subsection.4.1}{\376\377\000F\000R\000L\000G\000\040\000B\000u\000i\000l\000d\000e\000r}{section.4}% 12
\BOOKMARK [2][-]{subsection.4.2}{\376\377\000T\000a\000r\000g\000e\000t\000\040\000N\000o\000d\000e\000\040\000S\000e\000l\000e\000c\000t\000i\000o\000n}{section.4}% 13
\BOOKMARK [2][-]{subsection.4.3}{\376\377\000A\000P\000A\000-\000R\000C\000A\000\040\000A\000l\000g\000o\000r\000i\000t\000h\000m}{section.4}% 14
\BOOKMARK [1][-]{section.5}{\376\377\000S\000y\000n\000F\000R\000P\000\040\000B\000e\000n\000c\000h\000m\000a\000r\000k}{}% 15
\BOOKMARK [2][-]{subsection.5.1}{\376\377\000D\000e\000s\000i\000g\000n}{section.5}% 16
\BOOKMARK [2][-]{subsection.5.2}{\376\377\000P\000i\000p\000e\000l\000i\000n\000e\000\040\000T\000o\000p\000o\000l\000o\000g\000y}{section.5}% 17
\BOOKMARK [2][-]{subsection.5.3}{\376\377\000A\000n\000o\000m\000a\000l\000y\000\040\000T\000y\000p\000e\000s}{section.5}% 18
\BOOKMARK [1][-]{section.6}{\376\377\000E\000x\000p\000e\000r\000i\000m\000e\000n\000t\000s}{}% 19
\BOOKMARK [2][-]{subsection.6.1}{\376\377\000S\000e\000t\000u\000p}{section.6}% 20
\BOOKMARK [2][-]{subsection.6.2}{\376\377\000M\000a\000i\000n\000\040\000R\000e\000s\000u\000l\000t\000s}{section.6}% 21
\BOOKMARK [2][-]{subsection.6.3}{\376\377\000A\000b\000l\000a\000t\000i\000o\000n\000\040\000S\000t\000u\000d\000y}{section.6}% 22
\BOOKMARK [2][-]{subsection.6.4}{\376\377\000S\000c\000a\000l\000a\000b\000i\000l\000i\000t\000y\000\040\000A\000n\000a\000l\000y\000s\000i\000s}{section.6}% 23
\BOOKMARK [2][-]{subsection.6.5}{\376\377\000E\000r\000r\000o\000r\000\040\000A\000n\000a\000l\000y\000s\000i\000s}{section.6}% 24
\BOOKMARK [2][-]{subsection.6.6}{\376\377\000S\000c\000h\000e\000m\000a\000-\000C\000o\000n\000s\000t\000r\000a\000i\000n\000t\000\040\000R\000C\000A\000\040\000f\000o\000r\000\040\000A\000g\000g\000r\000e\000g\000a\000t\000i\000o\000n\000\040\000E\000r\000r\000o\000r\000s\000\040\000\050\000A\0004\000\051}{section.6}% 25
\BOOKMARK [2][-]{subsection.6.7}{\376\377\000R\000e\000a\000l\000-\000S\000o\000u\000r\000c\000e\000\040\000H\000y\000b\000r\000i\000d\000\040\000B\000e\000n\000c\000h\000m\000a\000r\000k}{section.6}% 26
\BOOKMARK [2][-]{subsection.6.8}{\376\377\000M\000L\000-\000E\000n\000h\000a\000n\000c\000e\000d\000\040\000P\000i\000p\000e\000l\000i\000n\000e\000:\000\040\000V\000A\000E\000\040\000A\000n\000o\000m\000a\000l\000y\000\040\000S\000c\000o\000r\000e\000r\000\040\000a\000n\000d\000\040\000G\000N\000N\000\040\000R\000e\000-\000r\000a\000n\000k\000e\000r}{section.6}% 27
\BOOKMARK [2][-]{subsection.6.9}{\376\377\000S\000i\000g\000n\000a\000l\000\040\000W\000e\000i\000g\000h\000t\000\040\000S\000e\000n\000s\000i\000t\000i\000v\000i\000t\000y\000\040\000A\000n\000a\000l\000y\000s\000i\000s}{section.6}% 28
\BOOKMARK [1][-]{section.7}{\376\377\000D\000i\000s\000c\000u\000s\000s\000i\000o\000n}{}% 29
\BOOKMARK [1][-]{section.8}{\376\377\000C\000o\000n\000c\000l\000u\000s\000i\000o\000n}{}% 30
\BOOKMARK [1][-]{appendix.A}{\376\377\000S\000y\000n\000F\000R\000P\000\040\000N\000o\000d\000e\000\040\000C\000a\000t\000a\000l\000o\000g\000\040\000\050\000M\000e\000d\000i\000u\000m\000\040\000C\000o\000n\000f\000i\000g\000u\000r\000a\000t\000i\000o\000n\000\051}{}% 31
\BOOKMARK [1][-]{appendix.B}{\376\377\000A\000P\000A\000-\000R\000C\000A\000\040\000P\000s\000e\000u\000d\000o\000c\000o\000d\000e}{}% 32
